// Jest Snapshot v1, https://goo.gl/fbAQLP

exports[`BuildingPopup renders correctly 1`] = `
<View
  style={
    {
      "alignItems": "center",
      "backgroundColor": "rgba(255, 255, 255,1)",
      "borderColor": "#ddd",
      "borderRadius": 12,
      "borderWidth": 1,
      "justifyContent": "center",
      "left": "15%",
      "overflow": "hidden",
      "padding": 5,
      "position": "absolute",
      "right": "15%",
      "top": "30%",
      "zIndex": 1,
    }
  }
  testID="building-popup"
>
  <View
    accessibilityState={
      {
        "busy": undefined,
        "checked": undefined,
        "disabled": undefined,
        "expanded": undefined,
        "selected": undefined,
      }
    }
    accessibilityValue={
      {
        "max": undefined,
        "min": undefined,
        "now": undefined,
        "text": undefined,
      }
    }
    accessible={true}
    collapsable={false}
    focusable={true}
    onClick={[Function]}
    onResponderGrant={[Function]}
    onResponderMove={[Function]}
    onResponderRelease={[Function]}
    onResponderTerminate={[Function]}
    onResponderTerminationRequest={[Function]}
    onStartShouldSetResponder={[Function]}
    style={
      {
        "borderRadius": 20,
        "opacity": 1,
        "padding": 5,
        "position": "absolute",
        "right": 10,
        "top": 5,
        "zIndex": 2,
      }
    }
    testID="closeButton"
  >
    <Text
      style={
        {
          "color": "rgb(0,0,0)",
          "fontSize": 14,
          "fontWeight": "bold",
          "textAlign": "center",
        }
      }
    >
      X
    </Text>
  </View>
  <Text
    style={
      {
        "color": "#800000",
        "fontSize": 12,
        "fontWeight": "bold",
        "marginBottom": 10,
        "marginTop": 20,
      }
    }
  >
    Building Name
  </Text>
  <Text
    style={
      {
        "color": "#333",
        "fontSize": 10,
        "lineHeight": 24,
        "textAlign": "center",
      }
    }
  >
    Building Address
  </Text>
  <Text
    style={
      {
        "color": "#333",
        "fontSize": 10,
        "lineHeight": 24,
        "textAlign": "center",
      }
    }
  >
    Building Codes
  </Text>
</View>
`;
